Archive member included to satisfy reference by file (symbol)

C:/ST/STM32CubeIDE_1.16.0/STM32CubeIDE/plugins/com.st.stm32cube.ide.mcu.externaltools.gnu-tools-for-stm32.12.3.rel1.win32_1.0.200.202406191623/tools/bin/../lib/gcc/arm-none-eabi/12.3.1/../../../../arm-none-eabi/lib/thumb/v7e-m+dp/hard\libc_nano.a(libc_a-exit.o)
                              C:/ST/STM32CubeIDE_1.16.0/STM32CubeIDE/plugins/com.st.stm32cube.ide.mcu.externaltools.gnu-tools-for-stm32.12.3.rel1.win32_1.0.200.202406191623/tools/bin/../lib/gcc/arm-none-eabi/12.3.1/../../../../arm-none-eabi/lib/thumb/v7e-m+dp/hard/crt0.o (exit)
C:/ST/STM32CubeIDE_1.16.0/STM32CubeIDE/plugins/com.st.stm32cube.ide.mcu.externaltools.gnu-tools-for-stm32.12.3.rel1.win32_1.0.200.202406191623/tools/bin/../lib/gcc/arm-none-eabi/12.3.1/../../../../arm-none-eabi/lib/thumb/v7e-m+dp/hard\libc_nano.a(libc_a-findfp.o)
                              C:/ST/STM32CubeIDE_1.16.0/STM32CubeIDE/plugins/com.st.stm32cube.ide.mcu.externaltools.gnu-tools-for-stm32.12.3.rel1.win32_1.0.200.202406191623/tools/bin/../lib/gcc/arm-none-eabi/12.3.1/../../../../arm-none-eabi/lib/thumb/v7e-m+dp/hard\libc_nano.a(libc_a-exit.o) (__stdio_exit_handler)
C:/ST/STM32CubeIDE_1.16.0/STM32CubeIDE/plugins/com.st.stm32cube.ide.mcu.externaltools.gnu-tools-for-stm32.12.3.rel1.win32_1.0.200.202406191623/tools/bin/../lib/gcc/arm-none-eabi/12.3.1/../../../../arm-none-eabi/lib/thumb/v7e-m+dp/hard\libc_nano.a(libc_a-fwalk.o)
                              C:/ST/STM32CubeIDE_1.16.0/STM32CubeIDE/plugins/com.st.stm32cube.ide.mcu.externaltools.gnu-tools-for-stm32.12.3.rel1.win32_1.0.200.202406191623/tools/bin/../lib/gcc/arm-none-eabi/12.3.1/../../../../arm-none-eabi/lib/thumb/v7e-m+dp/hard\libc_nano.a(libc_a-findfp.o) (_fwalk_sglue)
C:/ST/STM32CubeIDE_1.16.0/STM32CubeIDE/plugins/com.st.stm32cube.ide.mcu.externaltools.gnu-tools-for-stm32.12.3.rel1.win32_1.0.200.202406191623/tools/bin/../lib/gcc/arm-none-eabi/12.3.1/../../../../arm-none-eabi/lib/thumb/v7e-m+dp/hard\libc_nano.a(libc_a-stdio.o)
                              C:/ST/STM32CubeIDE_1.16.0/STM32CubeIDE/plugins/com.st.stm32cube.ide.mcu.externaltools.gnu-tools-for-stm32.12.3.rel1.win32_1.0.200.202406191623/tools/bin/../lib/gcc/arm-none-eabi/12.3.1/../../../../arm-none-eabi/lib/thumb/v7e-m+dp/hard\libc_nano.a(libc_a-findfp.o) (__sread)
C:/ST/STM32CubeIDE_1.16.0/STM32CubeIDE/plugins/com.st.stm32cube.ide.mcu.externaltools.gnu-tools-for-stm32.12.3.rel1.win32_1.0.200.202406191623/tools/bin/../lib/gcc/arm-none-eabi/12.3.1/../../../../arm-none-eabi/lib/thumb/v7e-m+dp/hard\libc_nano.a(libc_a-memset.o)
                              C:/ST/STM32CubeIDE_1.16.0/STM32CubeIDE/plugins/com.st.stm32cube.ide.mcu.externaltools.gnu-tools-for-stm32.12.3.rel1.win32_1.0.200.202406191623/tools/bin/../lib/gcc/arm-none-eabi/12.3.1/../../../../arm-none-eabi/lib/thumb/v7e-m+dp/hard/crt0.o (memset)
C:/ST/STM32CubeIDE_1.16.0/STM32CubeIDE/plugins/com.st.stm32cube.ide.mcu.externaltools.gnu-tools-for-stm32.12.3.rel1.win32_1.0.200.202406191623/tools/bin/../lib/gcc/arm-none-eabi/12.3.1/../../../../arm-none-eabi/lib/thumb/v7e-m+dp/hard\libc_nano.a(libc_a-closer.o)
                              C:/ST/STM32CubeIDE_1.16.0/STM32CubeIDE/plugins/com.st.stm32cube.ide.mcu.externaltools.gnu-tools-for-stm32.12.3.rel1.win32_1.0.200.202406191623/tools/bin/../lib/gcc/arm-none-eabi/12.3.1/../../../../arm-none-eabi/lib/thumb/v7e-m+dp/hard\libc_nano.a(libc_a-stdio.o) (_close_r)
C:/ST/STM32CubeIDE_1.16.0/STM32CubeIDE/plugins/com.st.stm32cube.ide.mcu.externaltools.gnu-tools-for-stm32.12.3.rel1.win32_1.0.200.202406191623/tools/bin/../lib/gcc/arm-none-eabi/12.3.1/../../../../arm-none-eabi/lib/thumb/v7e-m+dp/hard\libc_nano.a(libc_a-reent.o)
                              C:/ST/STM32CubeIDE_1.16.0/STM32CubeIDE/plugins/com.st.stm32cube.ide.mcu.externaltools.gnu-tools-for-stm32.12.3.rel1.win32_1.0.200.202406191623/tools/bin/../lib/gcc/arm-none-eabi/12.3.1/../../../../arm-none-eabi/lib/thumb/v7e-m+dp/hard\libc_nano.a(libc_a-closer.o) (errno)
C:/ST/STM32CubeIDE_1.16.0/STM32CubeIDE/plugins/com.st.stm32cube.ide.mcu.externaltools.gnu-tools-for-stm32.12.3.rel1.win32_1.0.200.202406191623/tools/bin/../lib/gcc/arm-none-eabi/12.3.1/../../../../arm-none-eabi/lib/thumb/v7e-m+dp/hard\libc_nano.a(libc_a-impure.o)
                              C:/ST/STM32CubeIDE_1.16.0/STM32CubeIDE/plugins/com.st.stm32cube.ide.mcu.externaltools.gnu-tools-for-stm32.12.3.rel1.win32_1.0.200.202406191623/tools/bin/../lib/gcc/arm-none-eabi/12.3.1/../../../../arm-none-eabi/lib/thumb/v7e-m+dp/hard\libc_nano.a(libc_a-reent.o) (_impure_ptr)
C:/ST/STM32CubeIDE_1.16.0/STM32CubeIDE/plugins/com.st.stm32cube.ide.mcu.externaltools.gnu-tools-for-stm32.12.3.rel1.win32_1.0.200.202406191623/tools/bin/../lib/gcc/arm-none-eabi/12.3.1/../../../../arm-none-eabi/lib/thumb/v7e-m+dp/hard\libc_nano.a(libc_a-lseekr.o)
[...]
Memory Configuration

Name             Origin             Length             Attributes
FLASH            0x08000000         0x00200000         xr
DTCMRAM          0x20000000         0x00020000         xrw
RAM_D1           0x24000000         0x00080000         xrw
RAM_D2           0x30000000         0x00048000         xrw
RAM_D3           0x38000000         0x00010000         xrw
ITCMRAM          0x00000000         0x00010000         xrw
*default*        0x00000000         0xffffffff

Linker script and memory map

LOAD C:/ST/STM32CubeIDE_1.16.0/STM32CubeIDE/plugins/com.st.stm32cube.ide.mcu.externaltools.gnu-tools-for-stm32.12.3.rel1.win32_1.0.200.202406191623/tools/bin/../lib/gcc/arm-none-eabi/12.3.1/thumb/v7e-m+dp/hard/crti.o
LOAD C:/ST/STM32CubeIDE_1.16.0/STM32CubeIDE/plugins/com.st.stm32cube.ide.mcu.externaltools.gnu-tools-for-stm32.12.3.rel1.win32_1.0.200.202406191623/tools/bin/../lib/gcc/arm-none-eabi/12.3.1/thumb/v7e-m+dp/hard/crtbegin.o
LOAD C:/ST/STM32CubeIDE_1.16.0/STM32CubeIDE/plugins/com.st.stm32cube.ide.mcu.externaltools.gnu-tools-for-stm32.12.3.rel1.win32_1.0.200.202406191623/tools/bin/../lib/gcc/arm-none-eabi/12.3.1/../../../../arm-none-eabi/lib/thumb/v7e-m+dp/hard/crt0.o
LOAD ./Core/Src/main.o
LOAD ./Core/Src/pencil_lib.o
LOAD ./Core/Src/stm32h7xx_hal_msp.o
LOAD ./Core/Src/stm32h7xx_it.o
LOAD ./Core/Src/syscalls.o
LOAD ./Core/Src/sysmem.o
LOAD ./Core/Src/system_stm32h7xx.o
LOAD ./Core/Startup/startup_stm32h743zitx.o
LOAD ./Drivers/STM32H7xx_HAL_Driver/Src/stm32h7xx_hal.o
LOAD ./Drivers/STM32H7xx_HAL_Driver/Src/stm32h7xx_hal_adc.o
LOAD ./Drivers/STM32H7xx_HAL_Driver/Src/stm32h7xx_hal_adc_ex.o
LOAD ./Drivers/STM32H7xx_HAL_Driver/Src/stm32h7xx_hal_cortex.o
LOAD ./Drivers/STM32H7xx_HAL_Driver/Src/stm32h7xx_hal_dma.o
LOAD ./Drivers/STM32H7xx_HAL_Driver/Src/stm32h7xx_hal_dma_ex.o
LOAD ./Drivers/STM32H7xx_HAL_Driver/Src/stm32h7xx_hal_exti.o
LOAD ./Drivers/STM32H7xx_HAL_Driver/Src/stm32h7xx_hal_flash.o
LOAD ./Drivers/STM32H7xx_HAL_Driver/Src/stm32h7xx_hal_flash_ex.o
LOAD ./Drivers/STM32H7xx_HAL_Driver/Src/stm32h7xx_hal_gpio.o
LOAD ./Drivers/STM32H7xx_HAL_Driver/Src/stm32h7xx_hal_hsem.o
LOAD ./Drivers/STM32H7xx_HAL_Driver/Src/stm32h7xx_hal_i2c.o
LOAD ./Drivers/STM32H7xx_HAL_Driver/Src/stm32h7xx_hal_i2c_ex.o
LOAD ./Drivers/STM32H7xx_HAL_Driver/Src/stm32h7xx_hal_mdma.o
LOAD ./Drivers/STM32H7xx_HAL_Driver/Src/stm32h7xx_hal_pwr.o
LOAD ./Drivers/STM32H7xx_HAL_Driver/Src/stm32h7xx_hal_pwr_ex.o
LOAD ./Drivers/STM32H7xx_HAL_Driver/Src/stm32h7xx_hal_rcc.o
LOAD ./Drivers/STM32H7xx_HAL_Driver/Src/stm32h7xx_hal_rcc_ex.o
LOAD ./Drivers/STM32H7xx_HAL_Driver/Src/stm32h7xx_hal_tim.o
LOAD ./Drivers/STM32H7xx_HAL_Driver/Src/stm32h7xx_hal_tim_ex.o
START GROUP
LOAD C:/ST/STM32CubeIDE_1.16.0/STM32CubeIDE/plugins/com.st.stm32cube.ide.mcu.externaltools.gnu-tools-for-stm32.12.3.rel1.win32_1.0.200.202406191623/tools/bin/../lib/gcc/arm-none-eabi/12.3.1/../../../../arm-none-eabi/lib/thumb/v7e-m+dp/hard\libc_nano.a
LOAD C:/ST/STM32CubeIDE_1.16.0/STM32CubeIDE/plugins/com.st.stm32cube.ide.mcu.externaltools.gnu-tools-for-stm32.12.3.rel1.win32_1.0.200.202406191623/tools/bin/../lib/gcc/arm-none-eabi/12.3.1/../../../../arm-none-eabi/lib/thumb/v7e-m+dp/hard\libm.a
END GROUP
START GROUP
LOAD C:/ST/STM32CubeIDE_1.16.0/STM32CubeIDE/plugins/com.st.stm32cube.ide.mcu.externaltools.gnu-tools-for-stm32.12.3.rel1.win32_1.0.200.202406191623/tools/bin/../lib/gcc/arm-none-eabi/12.3.1/thumb/v7e-m+dp/hard\libgcc.a
LOAD C:/ST/STM32CubeIDE_1.16.0/STM32CubeIDE/plugins/com.st.stm32cube.ide.mcu.externaltools.gnu-tools-for-stm32.12.3.rel1.win32_1.0.200.202406191623/tools/bin/../lib/gcc/arm-none-eabi/12.3.1/../../../../arm-none-eabi/lib/thumb/v7e-m+dp/hard\libc_nano.a
END GROUP
START GROUP
LOAD C:/ST/STM32CubeIDE_1.16.0/STM32CubeIDE/plugins/com.st.stm32cube.ide.mcu.externaltools.gnu-tools-for-stm32.12.3.rel1.win32_1.0.200.202406191623/tools/bin/../lib/gcc/arm-none-eabi/12.3.1/thumb/v7e-m+dp/hard\libgcc.a
LOAD C:/ST/STM32CubeIDE_1.16.0/STM32CubeIDE/plugins/com.st.stm32cube.ide.mcu.externaltools.gnu-tools-for-stm32.12.3.rel1.win32_1.0.200.202406191623/tools/bin/../lib/gcc/arm-none-eabi/12.3.1/../../../../arm-none-eabi/lib/thumb/v7e-m+dp/hard\libc_nano.a
LOAD C:/ST/STM32CubeIDE_1.16.0/STM32CubeIDE/plugins/com.st.stm32cube.ide.mcu.externaltools.gnu-tools-for-stm32.12.3.rel1.win32_1.0.200.202406191623/tools/bin/../lib/gcc/arm-none-eabi/12.3.1/../../../../arm-none-eabi/lib/thumb/v7e-m+dp/hard\libnosys.a
END GROUP
START GROUP
LOAD C:/ST/STM32CubeIDE_1.16.0/STM32CubeIDE/plugins/com.st.stm32cube.ide.mcu.externaltools.gnu-tools-for-stm32.12.3.rel1.win32_1.0.200.202406191623/tools/bin/../lib/gcc/arm-none-eabi/12.3.1/thumb/v7e-m+dp/hard\libgcc.a
LOAD C:/ST/STM32CubeIDE_1.16.0/STM32CubeIDE/plugins/com.st.stm32cube.ide.mcu.externaltools.gnu-tools-for-stm32.12.3.rel1.win32_1.0.200.202406191623/tools/bin/../lib/gcc/arm-none-eabi/12.3.1/../../../../arm-none-eabi/lib/thumb/v7e-m+dp/hard\libc_nano.a
LOAD C:/ST/STM32CubeIDE_1.16.0/STM32CubeIDE/plugins/com.st.stm32cube.ide.mcu.externaltools.gnu-tools-for-stm32.12.3.rel1.win32_1.0.200.202406191623/tools/bin/../lib/gcc/arm-none-eabi/12.3.1/../../../../arm-none-eabi/lib/thumb/v7e-m+dp/hard\libnosys.a
END GROUP
LOAD C:/ST/STM32CubeIDE_1.16.0/STM32CubeIDE/plugins/com.st.stm32cube.ide.mcu.externaltools.gnu-tools-for-stm32.12.3.rel1.win32_1.0.200.202406191623/tools/bin/../lib/gcc/arm-none-eabi/12.3.1/thumb/v7e-m+dp/hard/crtend.o
LOAD C:/ST/STM32CubeIDE_1.16.0/STM32CubeIDE/plugins/com.st.stm32cube.ide.mcu.externaltools.gnu-tools-for-stm32.12.3.rel1.win32_1.0.200.202406191623/tools/bin/../lib/gcc/arm-none-eabi/12.3.1/thumb/v7e-m+dp/hard/crtn.o
                0x24080000                        _estack = (ORIGIN (RAM_D1) + LENGTH (RAM_D1))
                0x00000200                        _Min_Heap_Size = 0x200
                0x00000400                        _Min_Stack_Size = 0x400

.isr_vector     0x08000000      0x298
                0x08000000                        . = ALIGN (0x4)
 *(.isr_vector)
 .isr_vector    0x08000000      0x298 ./Core/Startup/startup_stm32h743zitx.o
                0x08000000                g_pfnVectors
                0x08000298                        . = ALIGN (0x4)

.text           0x08000298     0x6e0c
                0x08000298                        . = ALIGN (0x4)
 *(.text)
 .text          0x08000298       0x40 C:/ST/STM32CubeIDE_1.16.0/STM32CubeIDE/plugins/com.st.stm32cube.ide.mcu.externaltools.gnu-tools-for-stm32.12.3.rel1.win32_1.0.200.202406191623/tools/bin/../lib/gcc/arm-none-eabi/12.3.1/thumb/v7e-m+dp/hard/crtbegin.o
 *(.text*)
 .text.main     0x080002d8       0xdc ./Core/Src/main.o
                0x080002d8                main
 .text.SystemClock_Config
                0x080003b4       0xe4 ./Core/Src/main.o
                0x080003b4                SystemClock_Config
 .text.MX_ADC1_Init
                0x08000498      0x108 ./Core/Src/main.o
 .text.MX_I2C1_Init
                0x080005a0       0x80 ./Core/Src/main.o
 .text.MX_GPIO_Init
                0x08000620      0x164 ./Core/Src/main.o
 .text.MPU_Config
                0x08000784       0x58 ./Core/Src/main.o
 .text.Error_Handler
                0x080007dc        0xc ./Core/Src/main.o
                0x080007dc                Error_Handler
 .text.Machine_Status
                0x080007e8       0x24 ./Core/Src/pencil_lib.o
                0x080007e8                Machine_Status
 .text.Diagnostics_PASS
                0x0800080c       0x9c ./Core/Src/pencil_lib.o
                0x0800080c                Diagnostics_PASS
 .text.Hopper   0x080008a8       0x6c ./Core/Src/pencil_lib.o
                0x080008a8                Hopper
 .text.Check_Hopper_Empty
                0x08000914       0x20 ./Core/Src/pencil_lib.o
                0x08000914                Check_Hopper_Empty
 .text.Rotary_Actuator
                0x08000934       0x2c ./Core/Src/pencil_lib.o
                0x08000934                Rotary_Actuator
 .text.Counter_Box
                0x08000960       0x4c ./Core/Src/pencil_lib.o
                0x08000960                Counter_Box
 .text.Conveyor_Belt
                0x080009ac       0x44 ./Core/Src/pencil_lib.o
                0x080009ac                Conveyor_Belt
 .text.Weighing_Machine
                0x080009f0       0x64 ./Core/Src/pencil_lib.o
                0x080009f0                Weighing_Machine
 .text.Packing_Conveyor
                0x08000a54       0x34 ./Core/Src/pencil_lib.o
                0x08000a54                Packing_Conveyor
 .text.Final_Container
                0x08000a88       0x44 ./Core/Src/pencil_lib.o
                0x08000a88                Final_Container
 .text.Fault_Trigger
                0x08000acc       0x1c ./Core/Src/pencil_lib.o
                0x08000acc                Fault_Trigger
 .text.Waste_Container
                0x08000ae8       0x34 ./Core/Src/pencil_lib.o
                0x08000ae8                Waste_Container
 .text.HAL_MspInit
                0x08000b1c       0x34 ./Core/Src/stm32h7xx_hal_msp.o
                0x08000b1c                HAL_MspInit
 .text.HAL_ADC_MspInit
                0x08000b50       0xe8 ./Core/Src/stm32h7xx_hal_msp.o
                0x08000b50                HAL_ADC_MspInit
 .text.HAL_I2C_MspInit
                0x08000c38       0xd0 ./Core/Src/stm32h7xx_hal_msp.o
                0x08000c38                HAL_I2C_MspInit
 .text.NMI_Handler
                0x08000d08        0x8 ./Core/Src/stm32h7xx_it.o
                0x08000d08                NMI_Handler
 .text.HardFault_Handler
                0x08000d10        0x8 ./Core/Src/stm32h7xx_it.o
                0x08000d10                HardFault_Handler
 .text.MemManage_Handler
                0x08000d18        0x8 ./Core/Src/stm32h7xx_it.o
                0x08000d18                MemManage_Handler
 .text.BusFault_Handler
                0x08000d20        0x8 ./Core/Src/stm32h7xx_it.o
                0x08000d20                BusFault_Handler
 .text.UsageFault_Handler
                0x08000d28        0x8 ./Core/Src/stm32h7xx_it.o
                0x08000d28                UsageFault_Handler
 .text.SVC_Handler
                0x08000d30        0xe ./Core/Src/stm32h7xx_it.o
                0x08000d30                SVC_Handler
 .text.DebugMon_Handler
                0x08000d3e        0xe ./Core/Src/stm32h7xx_it.o
                0x08000d3e                DebugMon_Handler
 .text.PendSV_Handler
                0x08000d4c        0xe ./Core/Src/stm32h7xx_it.o
                0x08000d4c                PendSV_Handler
 .text.SysTick_Handler
                0x08000d5a        0xc ./Core/Src/stm32h7xx_it.o
                0x08000d5a                SysTick_Handler
 *fill*         0x08000d66        0x2 
 .text.SystemInit
                0x08000d68      0x110 ./Core/Src/system_stm32h7xx.o
                0x08000d68                SystemInit
 .text.Reset_Handler
                0x08000e78       0x50 ./Core/Startup/startup_stm32h743zitx.o
                0x08000e78                Reset_Handler
 .text.Default_Handler
                0x08000ec8        0x2 ./Core/Startup/startup_stm32h743zitx.o
                0x08000ec8                RTC_Alarm_IRQHandler
                0x08000ec8                EXTI2_IRQHandler
                0x08000ec8                TIM8_CC_IRQHandler
                0x08000ec8                HRTIM1_Master_IRQHandler
                0x08000ec8                UART8_IRQHandler
                0x08000ec8                SPI4_IRQHandler
                0x08000ec8                TIM1_CC_IRQHandler
                0x08000ec8                BDMA_Channel6_IRQHandler
                0x08000ec8                DMA2_Stream5_IRQHandler
                0x08000ec8                HRTIM1_FLT_IRQHandler
                0x08000ec8                JPEG_IRQHandler
                0x08000ec8                DMA1_Stream5_IRQHandler
                0x08000ec8                BDMA_Channel1_IRQHandler
                0x08000ec8                HRTIM1_TIMD_IRQHandler
                0x08000ec8                TAMP_STAMP_IRQHandler
                0x08000ec8                EXTI3_IRQHandler
                0x08000ec8                LPTIM4_IRQHandler
                0x08000ec8                TIM8_TRG_COM_TIM14_IRQHandler
                0x08000ec8                LPTIM2_IRQHandler
                0x08000ec8                DFSDM1_FLT1_IRQHandler
                0x08000ec8                DMAMUX2_OVR_IRQHandler
                0x08000ec8                TIM8_UP_TIM13_IRQHandler
                0x08000ec8                I2C3_ER_IRQHandler
                0x08000ec8                DFSDM1_FLT2_IRQHandler
                0x08000ec8                MDMA_IRQHandler
                0x08000ec8                LPTIM3_IRQHandler
                0x08000ec8                HSEM1_IRQHandler
                0x08000ec8                EXTI0_IRQHandler
                0x08000ec8                I2C2_EV_IRQHandler
                0x08000ec8                DMA1_Stream2_IRQHandler
                0x08000ec8                FPU_IRQHandler
                0x08000ec8                OTG_HS_WKUP_IRQHandler
                0x08000ec8                FDCAN1_IT1_IRQHandler
                0x08000ec8                LTDC_ER_IRQHandler
                0x08000ec8                DMA2_Stream2_IRQHandler
                0x08000ec8                HRTIM1_TIME_IRQHandler
                0x08000ec8                SPI1_IRQHandler
                0x08000ec8                TIM6_DAC_IRQHandler
                0x08000ec8                DCMI_IRQHandler
                0x08000ec8                HRTIM1_TIMC_IRQHandler
                0x08000ec8                DMA2_Stream3_IRQHandler
                0x08000ec8                SAI2_IRQHandler
                0x08000ec8                DFSDM1_FLT3_IRQHandler
                0x08000ec8                USART6_IRQHandler
                0x08000ec8                TIM17_IRQHandler
                0x08000ec8                USART3_IRQHandler
                0x08000ec8                BDMA_Channel7_IRQHandler
                0x08000ec8                LPTIM5_IRQHandler
                0x08000ec8                UART5_IRQHandler
                0x08000ec8                ADC3_IRQHandler
                0x08000ec8                DMA2_Stream0_IRQHandler
                0x08000ec8                TIM4_IRQHandler
                0x08000ec8                BDMA_Channel2_IRQHandler
                0x08000ec8                QUADSPI_IRQHandler
                0x08000ec8                I2C1_EV_IRQHandler
                0x08000ec8                DMA1_Stream6_IRQHandler
                0x08000ec8                DMAMUX1_OVR_IRQHandler
                0x08000ec8                DMA1_Stream1_IRQHandler
                0x08000ec8                TIM16_IRQHandler
                0x08000ec8                UART4_IRQHandler
                0x08000ec8                BDMA_Channel5_IRQHandler
                0x08000ec8                TIM3_IRQHandler
                0x08000ec8                RCC_IRQHandler
                0x08000ec8                TIM8_BRK_TIM12_IRQHandler
                0x08000ec8                TIM1_TRG_COM_IRQHandler
                0x08000ec8                Default_Handler
                0x08000ec8                ECC_IRQHandler
                0x08000ec8                CEC_IRQHandler
                0x08000ec8                EXTI15_10_IRQHandler
                0x08000ec8                BDMA_Channel0_IRQHandler
                0x08000ec8                ADC_IRQHandler
                0x08000ec8                DMA1_Stream7_IRQHandler
                0x08000ec8                HRTIM1_TIMA_IRQHandler
                0x08000ec8                SPI5_IRQHandler
                0x08000ec8                TIM7_IRQHandler
                0x08000ec8                SDMMC1_IRQHandler
                0x08000ec8                TIM5_IRQHandler
                0x08000ec8                DMA2_Stream7_IRQHandler
                0x08000ec8                TIM15_IRQHandler
                0x08000ec8                PVD_AVD_IRQHandler
                0x08000ec8                I2C3_EV_IRQHandler
                0x08000ec8                EXTI9_5_IRQHandler
                0x08000ec8                RTC_WKUP_IRQHandler
                0x08000ec8                LTDC_IRQHandler
                0x08000ec8                SAI3_IRQHandler
                0x08000ec8                ETH_WKUP_IRQHandler
                0x08000ec8                SPDIF_RX_IRQHandler
                0x08000ec8                SPI2_IRQHandler
                0x08000ec8                OTG_HS_EP1_IN_IRQHandler
                0x08000ec8                DMA1_Stream0_IRQHandler
                0x08000ec8                CRS_IRQHandler
                0x08000ec8                EXTI4_IRQHandler
                0x08000ec8                RNG_IRQHandler
                0x08000ec8                HRTIM1_TIMB_IRQHandler
                0x08000ec8                FDCAN2_IT1_IRQHandler
                0x08000ec8                ETH_IRQHandler
                0x08000ec8                TIM1_UP_IRQHandler
                0x08000ec8                BDMA_Channel4_IRQHandler
                0x08000ec8                OTG_HS_EP1_OUT_IRQHandler
                0x08000ec8                WWDG_IRQHandler
                0x08000ec8                SPI6_IRQHandler
                0x08000ec8                MDIOS_IRQHandler
                0x08000ec8                I2C4_EV_IRQHandler
                0x08000ec8                FDCAN2_IT0_IRQHandler
                0x08000ec8                LPUART1_IRQHandler
                0x08000ec8                FDCAN1_IT0_IRQHandler
                0x08000ec8                TIM2_IRQHandler
                0x08000ec8                OTG_FS_WKUP_IRQHandler
                0x08000ec8                OTG_HS_IRQHandler
                0x08000ec8                DMA2D_IRQHandler
                0x08000ec8                TIM1_BRK_IRQHandler
                0x08000ec8                EXTI1_IRQHandler
                0x08000ec8                SDMMC2_IRQHandler
                0x08000ec8                OTG_FS_EP1_OUT_IRQHandler
                0x08000ec8                BDMA_Channel3_IRQHandler
                0x08000ec8                UART7_IRQHandler
                0x08000ec8                MDIOS_WKUP_IRQHandler
                0x08000ec8                USART2_IRQHandler
                0x08000ec8                DFSDM1_FLT0_IRQHandler
                0x08000ec8                SAI4_IRQHandler
                0x08000ec8                I2C2_ER_IRQHandler
                0x08000ec8                DMA2_Stream1_IRQHandler
                0x08000ec8                FLASH_IRQHandler
                0x08000ec8                DMA2_Stream4_IRQHandler
                0x08000ec8                USART1_IRQHandler
                0x08000ec8                OTG_FS_IRQHandler
                0x08000ec8                SPI3_IRQHandler
                0x08000ec8                WAKEUP_PIN_IRQHandler
                0x08000ec8                DMA1_Stream4_IRQHandler
                0x08000ec8                OTG_FS_EP1_IN_IRQHandler
                0x08000ec8                I2C1_ER_IRQHandler
                0x08000ec8                FMC_IRQHandler
                0x08000ec8                FDCAN_CAL_IRQHandler
                0x08000ec8                SWPMI1_IRQHandler
                0x08000ec8                COMP1_IRQHandler
                0x08000ec8                LPTIM1_IRQHandler
                0x08000ec8                I2C4_ER_IRQHandler
                0x08000ec8                DMA2_Stream6_IRQHandler
                0x08000ec8                SAI1_IRQHandler
                0x08000ec8                DMA1_Stream3_IRQHandler
 *fill*         0x08000eca        0x2 
 .text.HAL_Init
                0x08000ecc       0x78 ./Drivers/STM32H7xx_HAL_Driver/Src/stm32h7xx_hal.o
                0x08000ecc                HAL_Init
 .text.HAL_InitTick
                0x08000f44       0x6c ./Drivers/STM32H7xx_HAL_Driver/Src/stm32h7xx_hal.o
                0x08000f44                HAL_InitTick
 .text.HAL_IncTick
                0x08000fb0       0x28 ./Drivers/STM32H7xx_HAL_Driver/Src/stm32h7xx_hal.o
                0x08000fb0                HAL_IncTick
 .text.HAL_GetTick
                0x08000fd8       0x18 ./Drivers/STM32H7xx_HAL_Driver/Src/stm32h7xx_hal.o
                0x08000fd8                HAL_GetTick
 .text.HAL_Delay
                0x08000ff0       0x48 ./Drivers/STM32H7xx_HAL_Driver/Src/stm32h7xx_hal.o
                0x08000ff0                HAL_Delay
 .text.HAL_GetREVID
                0x08001038       0x18 ./Drivers/STM32H7xx_HAL_Driver/Src/stm32h7xx_hal.o
                0x08001038                HAL_GetREVID
 .text.LL_ADC_SetCommonClock
                0x08001050       0x26 ./Drivers/STM32H7xx_HAL_Driver/Src/stm32h7xx_hal_adc.o
 .text.LL_ADC_SetCommonPathInternalCh
                0x08001076       0x26 ./Drivers/STM32H7xx_HAL_Driver/Src/stm32h7xx_hal_adc.o
 .text.LL_ADC_GetCommonPathInternalCh
                0x0800109c       0x1c ./Drivers/STM32H7xx_HAL_Driver/Src/stm32h7xx_hal_adc.o
 .text.LL_ADC_SetOffset
                0x080010b8       0x40 ./Drivers/STM32H7xx_HAL_Driver/Src/stm32h7xx_hal_adc.o
 .text.LL_ADC_SetDataRightShift
                0x080010f8       0x32 ./Drivers/STM32H7xx_HAL_Driver/Src/stm32h7xx_hal_adc.o
 .text.LL_ADC_SetOffsetSignedSaturation
                0x0800112a       0x36 ./Drivers/STM32H7xx_HAL_Driver/Src/stm32h7xx_hal_adc.o
 .text.LL_ADC_REG_IsTriggerSourceSWStart
                0x08001160       0x26 ./Drivers/STM32H7xx_HAL_Driver/Src/stm32h7xx_hal_adc.o
 .text.LL_ADC_REG_SetSequencerRanks
                0x08001186       0x58 ./Drivers/STM32H7xx_HAL_Driver/Src/stm32h7xx_hal_adc.o
 .text.LL_ADC_SetChannelSamplingTime
                0x080011de       0x56 ./Drivers/STM32H7xx_HAL_Driver/Src/stm32h7xx_hal_adc.o
 .text.LL_ADC_SetChannelSingleDiff
                0x08001234       0x48 ./Drivers/STM32H7xx_HAL_Driver/Src/stm32h7xx_hal_adc.o
 .text.LL_ADC_GetMultimode
                0x0800127c       0x1c ./Drivers/STM32H7xx_HAL_Driver/Src/stm32h7xx_hal_adc.o
 .text.LL_ADC_GetMultiDMATransfer
                0x08001298       0x1c ./Drivers/STM32H7xx_HAL_Driver/Src/stm32h7xx_hal_adc.o
 .text.LL_ADC_DisableDeepPowerDown
                0x080012b4       0x24 ./Drivers/STM32H7xx_HAL_Driver/Src/stm32h7xx_hal_adc.o
 .text.LL_ADC_IsDeepPowerDownEnabled
                0x080012d8       0x28 ./Drivers/STM32H7xx_HAL_Driver/Src/stm32h7xx_hal_adc.o
 .text.LL_ADC_EnableInternalRegulator
                0x08001300       0x28 ./Drivers/STM32H7xx_HAL_Driver/Src/stm32h7xx_hal_adc.o
 .text.LL_ADC_IsInternalRegulatorEnabled
                0x08001328       0x28 ./Drivers/STM32H7xx_HAL_Driver/Src/stm32h7xx_hal_adc.o
 .text.LL_ADC_Enable
                0x08001350       0x28 ./Drivers/STM32H7xx_HAL_Driver/Src/stm32h7xx_hal_adc.o
 .text.LL_ADC_IsEnabled
                0x08001378       0x26 ./Drivers/STM32H7xx_HAL_Driver/Src/stm32h7xx_hal_adc.o
 *fill*         0x0800139e        0x2 
 .text.LL_ADC_REG_StartConversion
                0x080013a0       0x28 ./Drivers/STM32H7xx_HAL_Driver/Src/stm32h7xx_hal_adc.o
 .text.LL_ADC_REG_IsConversionOngoing
                0x080013c8       0x26 ./Drivers/STM32H7xx_HAL_Driver/Src/stm32h7xx_hal_adc.o
 .text.LL_ADC_INJ_IsConversionOngoing
                0x080013ee       0x26 ./Drivers/STM32H7xx_HAL_Driver/Src/stm32h7xx_hal_adc.o
 .text.HAL_ADC_Init
                0x08001414      0x344 ./Drivers/STM32H7xx_HAL_Driver/Src/stm32h7xx_hal_adc.o
                0x08001414                HAL_ADC_Init
 .text.HAL_ADC_Start
                0x08001758      0x194 ./Drivers/STM32H7xx_HAL_Driver/Src/stm32h7xx_hal_adc.o
                0x08001758                HAL_ADC_Start
 .text.HAL_ADC_PollForConversion
                0x080018ec      0x1e8 ./Drivers/STM32H7xx_HAL_Driver/Src/stm32h7xx_hal_adc.o
                0x080018ec                HAL_ADC_PollForConversion
 .text.HAL_ADC_GetValue
                0x08001ad4       0x1a ./Drivers/STM32H7xx_HAL_Driver/Src/stm32h7xx_hal_adc.o
                0x08001ad4                HAL_ADC_GetValue
 *fill*         0x08001aee        0x2 
 .text.HAL_ADC_ConfigChannel
                0x08001af0      0x6b8 ./Drivers/STM32H7xx_HAL_Driver/Src/stm32h7xx_hal_adc.o
                0x08001af0                HAL_ADC_ConfigChannel
 .text.ADC_Enable
                0x080021a8      0x114 ./Drivers/STM32H7xx_HAL_Driver/Src/stm32h7xx_hal_adc.o
                0x080021a8                ADC_Enable
 .text.ADC_ConfigureBoostMode
                0x080022bc      0x218 ./Drivers/STM32H7xx_HAL_Driver/Src/stm32h7xx_hal_adc.o
                0x080022bc                ADC_ConfigureBoostMode
 .text.LL_ADC_IsEnabled
                0x080024d4       0x26 ./Drivers/STM32H7xx_HAL_Driver/Src/stm32h7xx_hal_adc_ex.o
 .text.LL_ADC_REG_IsConversionOngoing
                0x080024fa       0x26 ./Drivers/STM32H7xx_HAL_Driver/Src/stm32h7xx_hal_adc_ex.o
 .text.HAL_ADCEx_MultiModeConfigChannel
                0x08002520      0x1bc ./Drivers/STM32H7xx_HAL_Driver/Src/stm32h7xx_hal_adc_ex.o
                0x08002520                HAL_ADCEx_MultiModeConfigChannel
 .text.__NVIC_SetPriorityGrouping
                0x080026dc       0x48 ./Drivers/STM32H7xx_HAL_Driver/Src/stm32h7xx_hal_cortex.o
 .text.__NVIC_GetPriorityGrouping
                0x08002724       0x1c ./Drivers/STM32H7xx_HAL_Driver/Src/stm32h7xx_hal_cortex.o
 .text.__NVIC_SetPriority
                0x08002740       0x54 ./Drivers/STM32H7xx_HAL_Driver/Src/stm32h7xx_hal_cortex.o
 .text.NVIC_EncodePriority
                0x08002794       0x66 ./Drivers/STM32H7xx_HAL_Driver/Src/stm32h7xx_hal_cortex.o
 *fill*         0x080027fa        0x2 
 .text.SysTick_Config
                0x080027fc       0x44 ./Drivers/STM32H7xx_HAL_Driver/Src/stm32h7xx_hal_cortex.o
 .text.HAL_NVIC_SetPriorityGrouping
                0x08002840       0x16 ./Drivers/STM32H7xx_HAL_Driver/Src/stm32h7xx_hal_cortex.o
                0x08002840                HAL_NVIC_SetPriorityGrouping
 .text.HAL_NVIC_SetPriority
                0x08002856       0x34 ./Drivers/STM32H7xx_HAL_Driver/Src/stm32h7xx_hal_cortex.o
                0x08002856                HAL_NVIC_SetPriority
 .text.HAL_SYSTICK_Config
                0x0800288a       0x18 ./Drivers/STM32H7xx_HAL_Driver/Src/stm32h7xx_hal_cortex.o
                0x0800288a                HAL_SYSTICK_Config
 *fill*         0x080028a2        0x2 
 .text.HAL_MPU_Disable
                0x080028a4       0x30 ./Drivers/STM32H7xx_HAL_Driver/Src/stm32h7xx_hal_cortex.o
                0x080028a4                HAL_MPU_Disable
 .text.HAL_MPU_Enable
                0x080028d4       0x40 ./Drivers/STM32H7xx_HAL_Driver/Src/stm32h7xx_hal_cortex.o
                0x080028d4                HAL_MPU_Enable
 .text.HAL_MPU_ConfigRegion
                0x08002914       0x80 ./Drivers/STM32H7xx_HAL_Driver/Src/stm32h7xx_hal_cortex.o
                0x08002914                HAL_MPU_ConfigRegion
 .text.HAL_GPIO_Init
                0x08002994      0x360 ./Drivers/STM32H7xx_HAL_Driver/Src/stm32h7xx_hal_gpio.o
                0x08002994                HAL_GPIO_Init
 .text.HAL_GPIO_ReadPin
                0x08002cf4       0x30 ./Drivers/STM32H7xx_HAL_Driver/Src/stm32h7xx_hal_gpio.o
                0x08002cf4                HAL_GPIO_ReadPin
 .text.HAL_GPIO_WritePin
                0x08002d24       0x32 ./Drivers/STM32H7xx_HAL_Driver/Src/stm32h7xx_hal_gpio.o
                0x08002d24                HAL_GPIO_WritePin
 *fill*         0x08002d56        0x2 
 .text.HAL_I2C_Init
                0x08002d58      0x138 ./Drivers/STM32H7xx_HAL_Driver/Src/stm32h7xx_hal_i2c.o
                0x08002d58                HAL_I2C_Init
 .text.HAL_I2C_Master_Transmit
                0x08002e90      0x230 ./Drivers/STM32H7xx_HAL_Driver/Src/stm32h7xx_hal_i2c.o
                0x08002e90                HAL_I2C_Master_Transmit
 .text.I2C_Flush_TXDR
                0x080030c0       0x48 ./Drivers/STM32H7xx_HAL_Driver/Src/stm32h7xx_hal_i2c.o
 .text.I2C_WaitOnFlagUntilTimeout
                0x08003108       0xb2 ./Drivers/STM32H7xx_HAL_Driver/Src/stm32h7xx_hal_i2c.o
 .text.I2C_WaitOnTXISFlagUntilTimeout
                0x080031ba       0x8e ./Drivers/STM32H7xx_HAL_Driver/Src/stm32h7xx_hal_i2c.o
 .text.I2C_WaitOnSTOPFlagUntilTimeout
                0x08003248       0x86 ./Drivers/STM32H7xx_HAL_Driver/Src/stm32h7xx_hal_i2c.o
 *fill*         0x080032ce        0x2 
 .text.I2C_IsErrorOccurred
                0x080032d0      0x1c0 ./Drivers/STM32H7xx_HAL_Driver/Src/stm32h7xx_hal_i2c.o
 .text.I2C_TransferConfig
                0x08003490       0x64 ./Drivers/STM32H7xx_HAL_Driver/Src/stm32h7xx_hal_i2c.o
 .text.HAL_I2CEx_ConfigAnalogFilter
                0x080034f4       0x96 ./Drivers/STM32H7xx_HAL_Driver/Src/stm32h7xx_hal_i2c_ex.o
                0x080034f4                HAL_I2CEx_ConfigAnalogFilter
 .text.HAL_I2CEx_ConfigDigitalFilter
                0x0800358a       0x98 ./Drivers/STM32H7xx_HAL_Driver/Src/stm32h7xx_hal_i2c_ex.o
                0x0800358a                HAL_I2CEx_ConfigDigitalFilter
 *fill*         0x08003622        0x2 
 .text.HAL_PWREx_ConfigSupply
                0x08003624       0x74 ./Drivers/STM32H7xx_HAL_Driver/Src/stm32h7xx_hal_pwr_ex.o
                0x08003624                HAL_PWREx_ConfigSupply
 .text.HAL_RCC_OscConfig
                0x08003698      0x8b4 ./Drivers/STM32H7xx_HAL_Driver/Src/stm32h7xx_hal_rcc.o
                0x08003698                HAL_RCC_OscConfig
 .text.HAL_RCC_ClockConfig
                0x08003f4c      0x36c ./Drivers/STM32H7xx_HAL_Driver/Src/stm32h7xx_hal_rcc.o
                0x08003f4c                HAL_RCC_ClockConfig
 .text.HAL_RCC_GetSysClockFreq
                0x080042b8      0x2f4 ./Drivers/STM32H7xx_HAL_Driver/Src/stm32h7xx_hal_rcc.o
                0x080042b8                HAL_RCC_GetSysClockFreq
 .text.HAL_RCC_GetHCLKFreq
                0x080045ac       0x60 ./Drivers/STM32H7xx_HAL_Driver/Src/stm32h7xx_hal_rcc.o
                0x080045ac                HAL_RCC_GetHCLKFreq
 .text.HAL_RCC_GetPCLK1Freq
                0x0800460c       0x2c ./Drivers/STM32H7xx_HAL_Driver/Src/stm32h7xx_hal_rcc.o
                0x0800460c                HAL_RCC_GetPCLK1Freq
 .text.HAL_RCCEx_PeriphCLKConfig
                0x08004638     0x1414 ./Drivers/STM32H7xx_HAL_Driver/Src/stm32h7xx_hal_rcc_ex.o
                0x08004638                HAL_RCCEx_PeriphCLKConfig
 .text.HAL_RCCEx_GetPeriphCLKFreq
                0x08005a4c      0xb00 ./Drivers/STM32H7xx_HAL_Driver/Src/stm32h7xx_hal_rcc_ex.o
                0x08005a4c                HAL_RCCEx_GetPeriphCLKFreq
 .text.HAL_RCCEx_GetD3PCLK1Freq
                0x0800654c       0x2c ./Drivers/STM32H7xx_HAL_Driver/Src/stm32h7xx_hal_rcc_ex.o
                0x0800654c                HAL_RCCEx_GetD3PCLK1Freq
 .text.HAL_RCCEx_GetPLL2ClockFreq
                0x08006578      0x2a8 ./Drivers/STM32H7xx_HAL_Driver/Src/stm32h7xx_hal_rcc_ex.o
                0x08006578                HAL_RCCEx_GetPLL2ClockFreq
 .text.HAL_RCCEx_GetPLL3ClockFreq
                0x08006820      0x2a8 ./Drivers/STM32H7xx_HAL_Driver/Src/stm32h7xx_hal_rcc_ex.o
                0x08006820                HAL_RCCEx_GetPLL3ClockFreq
 .text.HAL_RCCEx_GetPLL1ClockFreq
                0x08006ac8      0x2a4 ./Drivers/STM32H7xx_HAL_Driver/Src/stm32h7xx_hal_rcc_ex.o
                0x08006ac8                HAL_RCCEx_GetPLL1ClockFreq
 .text.RCCEx_PLL2_Config
                0x08006d6c      0x164 ./Drivers/STM32H7xx_HAL_Driver/Src/stm32h7xx_hal_rcc_ex.o
 .text.RCCEx_PLL3_Config
                0x08006ed0      0x164 ./Drivers/STM32H7xx_HAL_Driver/Src/stm32h7xx_hal_rcc_ex.o
 .text.memset   0x08007034       0x10 C:/ST/STM32CubeIDE_1.16.0/STM32CubeIDE/plugins/com.st.stm32cube.ide.mcu.externaltools.gnu-tools-for-stm32.12.3.rel1.win32_1.0.200.202406191623/tools/bin/../lib/gcc/arm-none-eabi/12.3.1/../../../../arm-none-eabi/lib/thumb/v7e-m+dp/hard\libc_nano.a(libc_a-memset.o)
                0x08007034                memset
 .text.__libc_init_array
                0x08007044       0x48 C:/ST/STM32CubeIDE_1.16.0/STM32CubeIDE/plugins/com.st.stm32cube.ide.mcu.externaltools.gnu-tools-for-stm32.12.3.rel1.win32_1.0.200.202406191623/tools/bin/../lib/gcc/arm-none-eabi/12.3.1/../../../../arm-none-eabi/lib/thumb/v7e-m+dp/hard\libc_nano.a(libc_a-init.o)
                0x08007044                __libc_init_array
 *(.glue_7)
 .glue_7        0x0800708c        0x0 linker stubs
 *(.glue_7t)
 .glue_7t       0x0800708c        0x0 linker stubs
 *(.eh_frame)
 .eh_frame      0x0800708c        0x0 C:/ST/STM32CubeIDE_1.16.0/STM32CubeIDE/plugins/com.st.stm32cube.ide.mcu.externaltools.gnu-tools-for-stm32.12.3.rel1.win32_1.0.200.202406191623/tools/bin/../lib/gcc/arm-none-eabi/12.3.1/thumb/v7e-m+dp/hard/crtbegin.o
 *(.init)
 .init          0x0800708c        0x4 C:/ST/STM32CubeIDE_1.16.0/STM32CubeIDE/plugins/com.st.stm32cube.ide.mcu.externaltools.gnu-tools-for-stm32.12.3.rel1.win32_1.0.200.202406191623/tools/bin/../lib/gcc/arm-none-eabi/12.3.1/thumb/v7e-m+dp/hard/crti.o
                0x0800708c                _init
 .init          0x08007090        0x8 C:/ST/STM32CubeIDE_1.16.0/STM32CubeIDE/plugins/com.st.stm32cube.ide.mcu.externaltools.gnu-tools-for-stm32.12.3.rel1.win32_1.0.200.202406191623/tools/bin/../lib/gcc/arm-none-eabi/12.3.1/thumb/v7e-m+dp/hard/crtn.o
 *(.fini)
 .fini          0x08007098        0x4 C:/ST/STM32CubeIDE_1.16.0/STM32CubeIDE/plugins/com.st.stm32cube.ide.mcu.externaltools.gnu-tools-for-stm32.12.3.rel1.win32_1.0.200.202406191623/tools/bin/../lib/gcc/arm-none-eabi/12.3.1/thumb/v7e-m+dp/hard/crti.o
                0x08007098                _fini
 .fini          0x0800709c        0x8 C:/ST/STM32CubeIDE_1.16.0/STM32CubeIDE/plugins/com.st.stm32cube.ide.mcu.externaltools.gnu-tools-for-stm32.12.3.rel1.win32_1.0.200.202406191623/tools/bin/../lib/gcc/arm-none-eabi/12.3.1/thumb/v7e-m+dp/hard/crtn.o
                0x080070a4                        . = ALIGN (0x4)
                0x080070a4                        _etext = .

.vfp11_veneer   0x080070a4        0x0
 .vfp11_veneer  0x080070a4        0x0 linker stubs

.v4_bx          0x080070a4        0x0
 .v4_bx         0x080070a4        0x0 linker stubs

.iplt           0x080070a4        0x0
 .iplt          0x080070a4        0x0 C:/ST/STM32CubeIDE_1.16.0/STM32CubeIDE/plugins/com.st.stm32cube.ide.mcu.externaltools.gnu-tools-for-stm32.12.3.rel1.win32_1.0.200.202406191623/tools/bin/../lib/gcc/arm-none-eabi/12.3.1/thumb/v7e-m+dp/hard/crtbegin.o

.rodata         0x080070a4       0x24
                0x080070a4                        . = ALIGN (0x4)
 *(.rodata)
 .rodata        0x080070a4       0x12 ./Core/Src/main.o
 *(.rodata*)
 *fill*         0x080070b6        0x2 
 .rodata.D1CorePrescTable
                0x080070b8       0x10 ./Core/Src/system_stm32h7xx.o
                0x080070b8                D1CorePrescTable
                0x080070c8                        . = ALIGN (0x4)

.ARM.extab
 *(.ARM.extab* .gnu.linkonce.armextab.*)

.ARM            0x080070c8        0x0
                0x080070c8                        __exidx_start = .
 *(.ARM.exidx*)
                0x080070c8                        __exidx_end = .

.preinit_array  0x080070c8        0x0
                0x080070c8                        PROVIDE (__preinit_array_start = .)
 *(.preinit_array*)
                0x080070c8                        PROVIDE (__preinit_array_end = .)

.init_array     0x080070c8        0x4
                0x080070c8                        PROVIDE (__init_array_start = .)
 *(SORT_BY_NAME(.init_array.*))
 *(.init_array*)
 .init_array    0x080070c8        0x4 C:/ST/STM32CubeIDE_1.16.0/STM32CubeIDE/plugins/com.st.stm32cube.ide.mcu.externaltools.gnu-tools-for-stm32.12.3.rel1.win32_1.0.200.202406191623/tools/bin/../lib/gcc/arm-none-eabi/12.3.1/thumb/v7e-m+dp/hard/crtbegin.o
                0x080070cc                        PROVIDE (__init_array_end = .)

.fini_array     0x080070cc        0x4
                [!provide]                        PROVIDE (__fini_array_start = .)
 *(SORT_BY_NAME(.fini_array.*))
 *(.fini_array*)
 .fini_array    0x080070cc        0x4 C:/ST/STM32CubeIDE_1.16.0/STM32CubeIDE/plugins/com.st.stm32cube.ide.mcu.externaltools.gnu-tools-for-stm32.12.3.rel1.win32_1.0.200.202406191623/tools/bin/../lib/gcc/arm-none-eabi/12.3.1/thumb/v7e-m+dp/hard/crtbegin.o
                [!provide]                        PROVIDE (__fini_array_end = .)
                0x080070d0                        _sidata = LOADADDR (.data)

.rel.dyn        0x080070d0        0x0
 .rel.iplt      0x080070d0        0x0 C:/ST/STM32CubeIDE_1.16.0/STM32CubeIDE/plugins/com.st.stm32cube.ide.mcu.externaltools.gnu-tools-for-stm32.12.3.rel1.win32_1.0.200.202406191623/tools/bin/../lib/gcc/arm-none-eabi/12.3.1/thumb/v7e-m+dp/hard/crtbegin.o

.data           0x24000000       0x14 load address 0x080070d0
                0x24000000                        . = ALIGN (0x4)
                0x24000000                        _sdata = .
 *(.data)
 *(.data*)
 .data.realWeight
                0x24000000        0x4 ./Core/Src/main.o
                0x24000000                realWeight
 .data.SystemCoreClock
                0x24000004        0x4 ./Core/Src/system_stm32h7xx.o
                0x24000004                SystemCoreClock
 .data.SystemD2Clock
                0x24000008        0x4 ./Core/Src/system_stm32h7xx.o
                0x24000008                SystemD2Clock
 .data.uwTickPrio
                0x2400000c        0x4 ./Drivers/STM32H7xx_HAL_Driver/Src/stm32h7xx_hal.o
                0x2400000c                uwTickPrio
 .data.uwTickFreq
                0x24000010        0x1 ./Drivers/STM32H7xx_HAL_Driver/Src/stm32h7xx_hal.o
                0x24000010                uwTickFreq
 *(.RamFunc)
 *(.RamFunc*)
                0x24000014                        . = ALIGN (0x4)
 *fill*         0x24000011        0x3 
                0x24000014                        _edata = .

.igot.plt       0x24000014        0x0 load address 0x080070e4
 .igot.plt      0x24000014        0x0 C:/ST/STM32CubeIDE_1.16.0/STM32CubeIDE/plugins/com.st.stm32cube.ide.mcu.externaltools.gnu-tools-for-stm32.12.3.rel1.win32_1.0.200.202406191623/tools/bin/../lib/gcc/arm-none-eabi/12.3.1/thumb/v7e-m+dp/hard/crtbegin.o
                0x24000014                        . = ALIGN (0x4)

.bss            0x24000014       0xe4 load address 0x080070e4
                0x24000014                        _sbss = .
                0x24000014                        __bss_start__ = _sbss
 *(.bss)
 .bss           0x24000014       0x1c C:/ST/STM32CubeIDE_1.16.0/STM32CubeIDE/plugins/com.st.stm32cube.ide.mcu.externaltools.gnu-tools-for-stm32.12.3.rel1.win32_1.0.200.202406191623/tools/bin/../lib/gcc/arm-none-eabi/12.3.1/thumb/v7e-m+dp/hard/crtbegin.o
 *(.bss*)
 .bss.currentState
                0x24000030        0x1 ./Core/Src/main.o
                0x24000030                currentState
 *fill*         0x24000031        0x3 
 .bss.pencilCount
                0x24000034        0x4 ./Core/Src/main.o
                0x24000034                pencilCount
 .bss.calWeight
                0x24000038        0x4 ./Core/Src/main.o
                0x24000038                calWeight
 .bss.hadc1     0x2400003c       0x64 ./Core/Src/main.o
                0x2400003c                hadc1
 .bss.hi2c1     0x240000a0       0x54 ./Core/Src/main.o
                0x240000a0                hi2c1
 .bss.uwTick    0x240000f4        0x4 ./Drivers/STM32H7xx_HAL_Driver/Src/stm32h7xx_hal.o
                0x240000f4                uwTick
 *(COMMON)
                0x240000f8                        . = ALIGN (0x4)
                0x240000f8                        _ebss = .
                0x240000f8                        __bss_end__ = _ebss

._user_heap_stack
                0x240000f8      0x600 load address 0x080070e4
                0x240000f8                        . = ALIGN (0x8)
                [!provide]                        PROVIDE (end = .)
                0x240000f8                        PROVIDE (_end = .)
                0x240002f8                        . = (. + _Min_Heap_Size)
 *fill*         0x240000f8      0x200 
                0x240006f8                        . = (. + _Min_Stack_Size)
 *fill*         0x240002f8      0x400 
                0x240006f8                        . = ALIGN (0x8)

/DISCARD/
 libc.a(*)
 libm.a(*)
 libgcc.a(*)

.ARM.attributes
                0x00000000       0x2e
 *(.ARM.attributes)
 .ARM.attributes
                0x00000000       0x20 C:/ST/STM32CubeIDE_1.16.0/STM32CubeIDE/plugins/com.st.stm32cube.ide.mcu.externaltools.gnu-tools-for-stm32.12.3.rel1.win32_1.0.200.202406191623/tools/bin/../lib/gcc/arm-none-eabi/12.3.1/thumb/v7e-m+dp/hard/crti.o
 .ARM.attributes
                0x00000020       0x32 C:/ST/STM32CubeIDE_1.16.0/STM32CubeIDE/plugins/com.st.stm32cube.ide.mcu.externaltools.gnu-tools-for-stm32.12.3.rel1.win32_1.0.200.202406191623/tools/bin/../lib/gcc/arm-none-eabi/12.3.1/thumb/v7e-m+dp/hard/crtbegin.o
 .ARM.attributes
                0x00000052       0x32 ./Core/Src/main.o
 .ARM.attributes
                0x00000084       0x32 ./Core/Src/pencil_lib.o
 .ARM.attributes
                0x000000b6       0x32 ./Core/Src/stm32h7xx_hal_msp.o
 .ARM.attributes
                0x000000e8       0x32 ./Core/Src/stm32h7xx_it.o
 .ARM.attributes
                0x0000011a       0x32 ./Core/Src/system_stm32h7xx.o
 .ARM.attributes
                0x0000014c       0x21 ./Core/Startup/startup_stm32h743zitx.o
 .ARM.attributes
                0x0000016d       0x32 ./Drivers/STM32H7xx_HAL_Driver/Src/stm32h7xx_hal.o
 .ARM.attributes
                0x0000019f       0x32 ./Drivers/STM32H7xx_HAL_Driver/Src/stm32h7xx_hal_adc.o
 .ARM.attributes
                0x000001d1       0x32 ./Drivers/STM32H7xx_HAL_Driver/Src/stm32h7xx_hal_adc_ex.o
 .ARM.attributes
                0x00000203       0x32 ./Drivers/STM32H7xx_HAL_Driver/Src/stm32h7xx_hal_cortex.o
 .ARM.attributes
                0x00000235       0x32 ./Drivers/STM32H7xx_HAL_Driver/Src/stm32h7xx_hal_gpio.o
 .ARM.attributes
                0x00000267       0x32 ./Drivers/STM32H7xx_HAL_Driver/Src/stm32h7xx_hal_i2c.o
 .ARM.attributes
                0x00000299       0x32 ./Drivers/STM32H7xx_HAL_Driver/Src/stm32h7xx_hal_i2c_ex.o
 .ARM.attributes
                0x000002cb       0x32 ./Drivers/STM32H7xx_HAL_Driver/Src/stm32h7xx_hal_pwr_ex.o
 .ARM.attributes
                0x000002fd       0x32 ./Drivers/STM32H7xx_HAL_Driver/Src/stm32h7xx_hal_rcc.o
 .ARM.attributes
                0x0000032f       0x32 ./Drivers/STM32H7xx_HAL_Driver/Src/stm32h7xx_hal_rcc_ex.o
 .ARM.attributes
                0x00000361       0x32 C:/ST/STM32CubeIDE_1.16.0/STM32CubeIDE/plugins/com.st.stm32cube.ide.mcu.externaltools.gnu-tools-for-stm32.12.3.rel1.win32_1.0.200.202406191623/tools/bin/../lib/gcc/arm-none-eabi/12.3.1/../../../../arm-none-eabi/lib/thumb/v7e-m+dp/hard\libc_nano.a(libc_a-memset.o)
 .ARM.attributes
                0x00000393       0x32 C:/ST/STM32CubeIDE_1.16.0/STM32CubeIDE/plugins/com.st.stm32cube.ide.mcu.externaltools.gnu-tools-for-stm32.12.3.rel1.win32_1.0.200.202406191623/tools/bin/../lib/gcc/arm-none-eabi/12.3.1/../../../../arm-none-eabi/lib/thumb/v7e-m+dp/hard\libc_nano.a(libc_a-init.o)
 .ARM.attributes
                0x000003c5       0x20 C:/ST/STM32CubeIDE_1.16.0/STM32CubeIDE/plugins/com.st.stm32cube.ide.mcu.externaltools.gnu-tools-for-stm32.12.3.rel1.win32_1.0.200.202406191623/tools/bin/../lib/gcc/arm-none-eabi/12.3.1/thumb/v7e-m+dp/hard/crtn.o
OUTPUT(Pencil_Automation.elf elf32-littlearm)
LOAD linker stubs
LOAD C:/ST/STM32CubeIDE_1.16.0/STM32CubeIDE/plugins/com.st.stm32cube.ide.mcu.externaltools.gnu-tools-for-stm32.12.3.rel1.win32_1.0.200.202406191623/tools/bin/../lib/gcc/arm-none-eabi/12.3.1/../../../../arm-none-eabi/lib/thumb/v7e-m+dp/hard\libc.a
LOAD C:/ST/STM32CubeIDE_1.16.0/STM32CubeIDE/plugins/com.st.stm32cube.ide.mcu.externaltools.gnu-tools-for-stm32.12.3.rel1.win32_1.0.200.202406191623/tools/bin/../lib/gcc/arm-none-eabi/12.3.1/../../../../arm-none-eabi/lib/thumb/v7e-m+dp/hard\libm.a
LOAD C:/ST/STM32CubeIDE_1.16.0/STM32CubeIDE/plugins/com.st.stm32cube.ide.mcu.externaltools.gnu-tools-for-stm32.12.3.rel1.win32_1.0.200.202406191623/tools/bin/../lib/gcc/arm-none-eabi/12.3.1/thumb/v7e-m+dp/hard\libgcc.a

.debug_info     0x00000000    0x1130e
 .debug_info    0x00000000     0x1ad4 ./Core/Src/main.o
 .debug_info    0x00001ad4      0x3bf ./Core/Src/pencil_lib.o
 .debug_info    0x00001e93     0x14a5 ./Core/Src/stm32h7xx_hal_msp.o
 .debug_info    0x00003338      0x128 ./Core/Src/stm32h7xx_it.o
 .debug_info    0x00003460      0xcef ./Core/Src/system_stm32h7xx.o
 .debug_info    0x0000414f       0x30 ./Core/Startup/startup_stm32h743zitx.o
 .debug_info    0x0000417f     0x153b ./Drivers/STM32H7xx_HAL_Driver/Src/stm32h7xx_hal.o
 .debug_info    0x000056ba     0x1ed2 ./Drivers/STM32H7xx_HAL_Driver/Src/stm32h7xx_hal_adc.o
 .debug_info    0x0000758c     0x1fed ./Drivers/STM32H7xx_HAL_Driver/Src/stm32h7xx_hal_adc_ex.o
 .debug_info    0x00009579     0x10ac ./Drivers/STM32H7xx_HAL_Driver/Src/stm32h7xx_hal_cortex.o
 .debug_info    0x0000a625      0xc4b ./Drivers/STM32H7xx_HAL_Driver/Src/stm32h7xx_hal_gpio.o
 .debug_info    0x0000b270     0x22a1 ./Drivers/STM32H7xx_HAL_Driver/Src/stm32h7xx_hal_i2c.o
 .debug_info    0x0000d511      0xd84 ./Drivers/STM32H7xx_HAL_Driver/Src/stm32h7xx_hal_i2c_ex.o
 .debug_info    0x0000e295     0x1008 ./Drivers/STM32H7xx_HAL_Driver/Src/stm32h7xx_hal_pwr_ex.o
 .debug_info    0x0000f29d      0xe5b ./Drivers/STM32H7xx_HAL_Driver/Src/stm32h7xx_hal_rcc.o
 .debug_info    0x000100f8     0x1216 ./Drivers/STM32H7xx_HAL_Driver/Src/stm32h7xx_hal_rcc_ex.o

.debug_abbrev   0x00000000     0x22b0
 .debug_abbrev  0x00000000      0x314 ./Core/Src/main.o
 .debug_abbrev  0x00000314      0x1cd ./Core/Src/pencil_lib.o
 .debug_abbrev  0x000004e1      0x208 ./Core/Src/stm32h7xx_hal_msp.o
 .debug_abbrev  0x000006e9       0x73 ./Core/Src/stm32h7xx_it.o
 .debug_abbrev  0x0000075c      0x14c ./Core/Src/system_stm32h7xx.o
 .debug_abbrev  0x000008a8       0x24 ./Core/Startup/startup_stm32h743zitx.o
 .debug_abbrev  0x000008cc      0x295 ./Drivers/STM32H7xx_HAL_Driver/Src/stm32h7xx_hal.o
 .debug_abbrev  0x00000b61      0x2d3 ./Drivers/STM32H7xx_HAL_Driver/Src/stm32h7xx_hal_adc.o
 .debug_abbrev  0x00000e34      0x31b ./Drivers/STM32H7xx_HAL_Driver/Src/stm32h7xx_hal_adc_ex.o
 .debug_abbrev  0x0000114f      0x339 ./Drivers/STM32H7xx_HAL_Driver/Src/stm32h7xx_hal_cortex.o
 .debug_abbrev  0x00001488      0x1fe ./Drivers/STM32H7xx_HAL_Driver/Src/stm32h7xx_hal_gpio.o
 .debug_abbrev  0x00001686      0x25d ./Drivers/STM32H7xx_HAL_Driver/Src/stm32h7xx_hal_i2c.o
 .debug_abbrev  0x000018e3      0x1f5 ./Drivers/STM32H7xx_HAL_Driver/Src/stm32h7xx_hal_i2c_ex.o
 .debug_abbrev  0x00001ad8      0x2a7 ./Drivers/STM32H7xx_HAL_Driver/Src/stm32h7xx_hal_pwr_ex.o
 .debug_abbrev  0x00001d7f      0x2c8 ./Drivers/STM32H7xx_HAL_Driver/Src/stm32h7xx_hal_rcc.o
 .debug_abbrev  0x00002047      0x269 ./Drivers/STM32H7xx_HAL_Driver/Src/stm32h7xx_hal_rcc_ex.o

.debug_aranges  0x00000000      0xe98
 .debug_aranges
                0x00000000       0x50 ./Core/Src/main.o
 .debug_aranges
                0x00000050       0x78 ./Core/Src/pencil_lib.o
 .debug_aranges
                0x000000c8       0x40 ./Core/Src/stm32h7xx_hal_msp.o
 .debug_aranges
                0x00000108       0x60 ./Core/Src/stm32h7xx_it.o
 .debug_aranges
                0x00000168       0x28 ./Core/Src/system_stm32h7xx.o
 .debug_aranges
                0x00000190       0x28 ./Core/Startup/startup_stm32h743zitx.o
 .debug_aranges
                0x000001b8      0x198 ./Drivers/STM32H7xx_HAL_Driver/Src/stm32h7xx_hal.o
 .debug_aranges
                0x00000350      0x228 ./Drivers/STM32H7xx_HAL_Driver/Src/stm32h7xx_hal_adc.o
 .debug_aranges
                0x00000578      0x1d8 ./Drivers/STM32H7xx_HAL_Driver/Src/stm32h7xx_hal_adc_ex.o
 .debug_aranges
                0x00000750      0x130 ./Drivers/STM32H7xx_HAL_Driver/Src/stm32h7xx_hal_cortex.o
 .debug_aranges
                0x00000880       0x58 ./Drivers/STM32H7xx_HAL_Driver/Src/stm32h7xx_hal_gpio.o
 .debug_aranges
                0x000008d8      0x2a0 ./Drivers/STM32H7xx_HAL_Driver/Src/stm32h7xx_hal_i2c.o
 .debug_aranges
                0x00000b78       0x48 ./Drivers/STM32H7xx_HAL_Driver/Src/stm32h7xx_hal_i2c_ex.o
 .debug_aranges
                0x00000bc0      0x158 ./Drivers/STM32H7xx_HAL_Driver/Src/stm32h7xx_hal_pwr_ex.o
 .debug_aranges
                0x00000d18       0x88 ./Drivers/STM32H7xx_HAL_Driver/Src/stm32h7xx_hal_rcc.o
 .debug_aranges
                0x00000da0       0xf8 ./Drivers/STM32H7xx_HAL_Driver/Src/stm32h7xx_hal_rcc_ex.o

.debug_rnglists
                0x00000000      0xb28
 .debug_rnglists
                0x00000000       0x3c ./Core/Src/main.o
 .debug_rnglists
                0x0000003c       0x56 ./Core/Src/pencil_lib.o
 .debug_rnglists
                0x00000092       0x2d ./Core/Src/stm32h7xx_hal_msp.o
 .debug_rnglists
                0x000000bf       0x43 ./Core/Src/stm32h7xx_it.o
 .debug_rnglists
                0x00000102       0x1b ./Core/Src/system_stm32h7xx.o
 .debug_rnglists
                0x0000011d       0x19 ./Core/Startup/startup_stm32h743zitx.o
 .debug_rnglists
                0x00000136      0x131 ./Drivers/STM32H7xx_HAL_Driver/Src/stm32h7xx_hal.o
 .debug_rnglists
                0x00000267      0x1a9 ./Drivers/STM32H7xx_HAL_Driver/Src/stm32h7xx_hal_adc.o
 .debug_rnglists
                0x00000410      0x16f ./Drivers/STM32H7xx_HAL_Driver/Src/stm32h7xx_hal_adc_ex.o
 .debug_rnglists
                0x0000057f       0xe0 ./Drivers/STM32H7xx_HAL_Driver/Src/stm32h7xx_hal_cortex.o
 .debug_rnglists
                0x0000065f       0x3f ./Drivers/STM32H7xx_HAL_Driver/Src/stm32h7xx_hal_gpio.o
 .debug_rnglists
                0x0000069e      0x22a ./Drivers/STM32H7xx_HAL_Driver/Src/stm32h7xx_hal_i2c.o
 .debug_rnglists
                0x000008c8       0x35 ./Drivers/STM32H7xx_HAL_Driver/Src/stm32h7xx_hal_i2c_ex.o
 .debug_rnglists
                0x000008fd      0x103 ./Drivers/STM32H7xx_HAL_Driver/Src/stm32h7xx_hal_pwr_ex.o
 .debug_rnglists
                0x00000a00       0x68 ./Drivers/STM32H7xx_HAL_Driver/Src/stm32h7xx_hal_rcc.o
 .debug_rnglists
                0x00000a68       0xc0 ./Drivers/STM32H7xx_HAL_Driver/Src/stm32h7xx_hal_rcc_ex.o

.debug_macro    0x00000000    0x37223
 .debug_macro   0x00000000      0x2cf ./Core/Src/main.o
 .debug_macro   0x000002cf      0xacc ./Core/Src/main.o
 .debug_macro   0x00000d9b       0x22 ./Core/Src/main.o
 .debug_macro   0x00000dbd       0x22 ./Core/Src/main.o
 .debug_macro   0x00000ddf       0x8e ./Core/Src/main.o
 .debug_macro   0x00000e6d       0x51 ./Core/Src/main.o
 .debug_macro   0x00000ebe      0x103 ./Core/Src/main.o
 .debug_macro   0x00000fc1       0x6a ./Core/Src/main.o
 .debug_macro   0x0000102b      0x1df ./Core/Src/main.o
 .debug_macro   0x0000120a      0x232 ./Core/Src/main.o
 .debug_macro   0x0000143c       0x2e ./Core/Src/main.o
 .debug_macro   0x0000146a       0x3b ./Core/Src/main.o
 .debug_macro   0x000014a5       0x1c ./Core/Src/main.o
 .debug_macro   0x000014c1       0x22 ./Core/Src/main.o
 .debug_macro   0x000014e3       0xfb ./Core/Src/main.o
 .debug_macro   0x000015de     0x1305 ./Core/Src/main.o
 .debug_macro   0x000028e3      0x11f ./Core/Src/main.o
 .debug_macro   0x00002a02       0x27 ./Core/Src/main.o
 .debug_macro   0x00002a29    0x258f9 ./Core/Src/main.o
 .debug_macro   0x00028322       0x6d ./Core/Src/main.o
 .debug_macro   0x0002838f     0x3d79 ./Core/Src/main.o
 .debug_macro   0x0002c108      0x189 ./Core/Src/main.o
 .debug_macro   0x0002c291       0x61 ./Core/Src/main.o
 .debug_macro   0x0002c2f2       0x29 ./Core/Src/main.o
 .debug_macro   0x0002c31b       0x43 ./Core/Src/main.o
 .debug_macro   0x0002c35e       0x34 ./Core/Src/main.o
 .debug_macro   0x0002c392       0x16 ./Core/Src/main.o
 .debug_macro   0x0002c3a8       0x43 ./Core/Src/main.o
 .debug_macro   0x0002c3eb       0x34 ./Core/Src/main.o
 .debug_macro   0x0002c41f       0x10 ./Core/Src/main.o
 .debug_macro   0x0002c42f       0x58 ./Core/Src/main.o
 .debug_macro   0x0002c487       0x8e ./Core/Src/main.o
 .debug_macro   0x0002c515       0x1c ./Core/Src/main.o
 .debug_macro   0x0002c531      0x177 ./Core/Src/main.o
 .debug_macro   0x0002c6a8      0x369 ./Core/Src/main.o
 .debug_macro   0x0002ca11      0x19b ./Core/Src/main.o
 .debug_macro   0x0002cbac       0x5d ./Core/Src/main.o
 .debug_macro   0x0002cc09     0x2382 ./Core/Src/main.o
 .debug_macro   0x0002ef8b     0x102c ./Core/Src/main.o
 .debug_macro   0x0002ffb7      0x154 ./Core/Src/main.o
 .debug_macro   0x0003010b      0x114 ./Core/Src/main.o
 .debug_macro   0x0003021f      0x3b6 ./Core/Src/main.o
 .debug_macro   0x000305d5       0xac ./Core/Src/main.o
 .debug_macro   0x00030681      0x72d ./Core/Src/main.o
 .debug_macro   0x00030dae      0x228 ./Core/Src/main.o
 .debug_macro   0x00030fd6       0x66 ./Core/Src/main.o
 .debug_macro   0x0003103c      0x3bb ./Core/Src/main.o
 .debug_macro   0x000313f7      0x3e4 ./Core/Src/main.o
 .debug_macro   0x000317db      0x275 ./Core/Src/main.o
 .debug_macro   0x00031a50     0x1044 ./Core/Src/main.o
 .debug_macro   0x00032a94      0x6cc ./Core/Src/main.o
 .debug_macro   0x00033160      0x36e ./Core/Src/main.o
 .debug_macro   0x000334ce      0x3ca ./Core/Src/main.o
 .debug_macro   0x00033898      0x408 ./Core/Src/main.o
 .debug_macro   0x00033ca0       0x51 ./Core/Src/main.o
 .debug_macro   0x00033cf1       0x4a ./Core/Src/main.o
 .debug_macro   0x00033d3b      0x22c ./Core/Src/main.o
 .debug_macro   0x00033f67       0x67 ./Core/Src/main.o
 .debug_macro   0x00033fce       0xa5 ./Core/Src/main.o
 .debug_macro   0x00034073      0x1c4 ./Core/Src/main.o
 .debug_macro   0x00034237      0x25e ./Core/Src/main.o
 .debug_macro   0x00034495       0x35 ./Core/Src/main.o
 .debug_macro   0x000344ca      0x5a0 ./Core/Src/main.o
 .debug_macro   0x00034a6a       0x28 ./Core/Src/main.o
 .debug_macro   0x00034a92       0xbe ./Core/Src/main.o
 .debug_macro   0x00034b50      0x2c9 ./Core/Src/pencil_lib.o
 .debug_macro   0x00034e19      0x2b1 ./Core/Src/stm32h7xx_hal_msp.o
 .debug_macro   0x000350ca      0x2bb ./Core/Src/stm32h7xx_it.o
 .debug_macro   0x00035385      0x2a2 ./Core/Src/system_stm32h7xx.o
 .debug_macro   0x00035627      0x2cc ./Drivers/STM32H7xx_HAL_Driver/Src/stm32h7xx_hal.o
 .debug_macro   0x000358f3      0x2c6 ./Drivers/STM32H7xx_HAL_Driver/Src/stm32h7xx_hal_adc.o
 .debug_macro   0x00035bb9      0x2ae ./Drivers/STM32H7xx_HAL_Driver/Src/stm32h7xx_hal_adc_ex.o
 .debug_macro   0x00035e67      0x2a2 ./Drivers/STM32H7xx_HAL_Driver/Src/stm32h7xx_hal_cortex.o
 .debug_macro   0x00036109      0x2a9 ./Drivers/STM32H7xx_HAL_Driver/Src/stm32h7xx_hal_gpio.o
 .debug_macro   0x000363b2      0x36e ./Drivers/STM32H7xx_HAL_Driver/Src/stm32h7xx_hal_i2c.o
 .debug_macro   0x00036720      0x2a2 ./Drivers/STM32H7xx_HAL_Driver/Src/stm32h7xx_hal_i2c_ex.o
 .debug_macro   0x000369c2      0x2db ./Drivers/STM32H7xx_HAL_Driver/Src/stm32h7xx_hal_pwr_ex.o
 .debug_macro   0x00036c9d      0x2c6 ./Drivers/STM32H7xx_HAL_Driver/Src/stm32h7xx_hal_rcc.o
 .debug_macro   0x00036f63      0x2c0 ./Drivers/STM32H7xx_HAL_Driver/Src/stm32h7xx_hal_rcc_ex.o

.debug_line     0x00000000    0x12d0b
 .debug_line    0x00000000      0xaf6 ./Core/Src/main.o
 .debug_line    0x00000af6      0xaf5 ./Core/Src/pencil_lib.o
 .debug_line    0x000015eb      0x992 ./Core/Src/stm32h7xx_hal_msp.o
 .debug_line    0x00001f7d      0x98a ./Core/Src/stm32h7xx_it.o
 .debug_line    0x00002907      0xa83 ./Core/Src/system_stm32h7xx.o
 .debug_line    0x0000338a       0x7a ./Core/Startup/startup_stm32h743zitx.o
 .debug_line    0x00003404      0xe78 ./Drivers/STM32H7xx_HAL_Driver/Src/stm32h7xx_hal.o
 .debug_line    0x0000427c     0x23c7 ./Drivers/STM32H7xx_HAL_Driver/Src/stm32h7xx_hal_adc.o
 .debug_line    0x00006643     0x1fc5 ./Drivers/STM32H7xx_HAL_Driver/Src/stm32h7xx_hal_adc_ex.o
 .debug_line    0x00008608      0xea7 ./Drivers/STM32H7xx_HAL_Driver/Src/stm32h7xx_hal_cortex.o
 .debug_line    0x000094af      0xd50 ./Drivers/STM32H7xx_HAL_Driver/Src/stm32h7xx_hal_gpio.o
 .debug_line    0x0000a1ff     0x3ee4 ./Drivers/STM32H7xx_HAL_Driver/Src/stm32h7xx_hal_i2c.o
 .debug_line    0x0000e0e3      0xae5 ./Drivers/STM32H7xx_HAL_Driver/Src/stm32h7xx_hal_i2c_ex.o
 .debug_line    0x0000ebc8      0xf9b ./Drivers/STM32H7xx_HAL_Driver/Src/stm32h7xx_hal_pwr_ex.o
 .debug_line    0x0000fb63     0x1448 ./Drivers/STM32H7xx_HAL_Driver/Src/stm32h7xx_hal_rcc.o
 .debug_line    0x00010fab     0x1d60 ./Drivers/STM32H7xx_HAL_Driver/Src/stm32h7xx_hal_rcc_ex.o

.debug_str      0x00000000   0x164640
 .debug_str     0x00000000   0x15fa78 ./Core/Src/main.o
                             0x1602b5 (size before relaxing)
 .debug_str     0x0015fa78       0x61 ./Core/Src/pencil_lib.o
                             0x15f2da (size before relaxing)
 .debug_str     0x0015fad9      0x3aa ./Core/Src/stm32h7xx_hal_msp.o
                             0x15fc1c (size before relaxing)
 .debug_str     0x0015fe83       0xc9 ./Core/Src/stm32h7xx_it.o
                             0x15ed90 (size before relaxing)
 .debug_str     0x0015ff4c      0x33a ./Core/Src/system_stm32h7xx.o
                             0x15f1c4 (size before relaxing)
 .debug_str     0x00160286       0x44 ./Core/Startup/startup_stm32h743zitx.o
                                 0x89 (size before relaxing)
 .debug_str     0x001602ca      0xfc0 ./Drivers/STM32H7xx_HAL_Driver/Src/stm32h7xx_hal.o
                             0x1600da (size before relaxing)
 .debug_str     0x0016128a      0xafd ./Drivers/STM32H7xx_HAL_Driver/Src/stm32h7xx_hal_adc.o
                             0x15ff63 (size before relaxing)
 .debug_str     0x00161d87      0x7c4 ./Drivers/STM32H7xx_HAL_Driver/Src/stm32h7xx_hal_adc_ex.o
                             0x15ffa2 (size before relaxing)
 .debug_str     0x0016254b      0x2e0 ./Drivers/STM32H7xx_HAL_Driver/Src/stm32h7xx_hal_cortex.o
                             0x15fb15 (size before relaxing)
 .debug_str     0x0016282b       0xe0 ./Drivers/STM32H7xx_HAL_Driver/Src/stm32h7xx_hal_gpio.o
                             0x15f17b (size before relaxing)
 .debug_str     0x0016290b      0xe21 ./Drivers/STM32H7xx_HAL_Driver/Src/stm32h7xx_hal_i2c.o
                             0x160213 (size before relaxing)
 .debug_str     0x0016372c       0xb8 ./Drivers/STM32H7xx_HAL_Driver/Src/stm32h7xx_hal_i2c_ex.o
                             0x15f5c0 (size before relaxing)
 .debug_str     0x001637e4      0x624 ./Drivers/STM32H7xx_HAL_Driver/Src/stm32h7xx_hal_pwr_ex.o
                             0x15f63c (size before relaxing)
 .debug_str     0x00163e08      0x21a ./Drivers/STM32H7xx_HAL_Driver/Src/stm32h7xx_hal_rcc.o
                             0x15f55f (size before relaxing)
 .debug_str     0x00164022      0x61e ./Drivers/STM32H7xx_HAL_Driver/Src/stm32h7xx_hal_rcc_ex.o
                             0x15fa40 (size before relaxing)

.comment        0x00000000       0x43
 .comment       0x00000000       0x43 ./Core/Src/main.o
                                 0x44 (size before relaxing)
 .comment       0x00000043       0x44 ./Core/Src/pencil_lib.o
 .comment       0x00000043       0x44 ./Core/Src/stm32h7xx_hal_msp.o
 .comment       0x00000043       0x44 ./Core/Src/stm32h7xx_it.o
 .comment       0x00000043       0x44 ./Core/Src/system_stm32h7xx.o
 .comment       0x00000043       0x44 ./Drivers/STM32H7xx_HAL_Driver/Src/stm32h7xx_hal.o
 .comment       0x00000043       0x44 ./Drivers/STM32H7xx_HAL_Driver/Src/stm32h7xx_hal_adc.o
 .comment       0x00000043       0x44 ./Drivers/STM32H7xx_HAL_Driver/Src/stm32h7xx_hal_adc_ex.o
 .comment       0x00000043       0x44 ./Drivers/STM32H7xx_HAL_Driver/Src/stm32h7xx_hal_cortex.o
 .comment       0x00000043       0x44 ./Drivers/STM32H7xx_HAL_Driver/Src/stm32h7xx_hal_gpio.o
 .comment       0x00000043       0x44 ./Drivers/STM32H7xx_HAL_Driver/Src/stm32h7xx_hal_i2c.o
 .comment       0x00000043       0x44 ./Drivers/STM32H7xx_HAL_Driver/Src/stm32h7xx_hal_i2c_ex.o
 .comment       0x00000043       0x44 ./Drivers/STM32H7xx_HAL_Driver/Src/stm32h7xx_hal_pwr_ex.o
 .comment       0x00000043       0x44 ./Drivers/STM32H7xx_HAL_Driver/Src/stm32h7xx_hal_rcc.o
 .comment       0x00000043       0x44 ./Drivers/STM32H7xx_HAL_Driver/Src/stm32h7xx_hal_rcc_ex.o

.debug_frame    0x00000000     0x3d54
 .debug_frame   0x00000000       0xf4 ./Core/Src/main.o
 .debug_frame   0x000000f4      0x184 ./Core/Src/pencil_lib.o
 .debug_frame   0x00000278       0xd0 ./Core/Src/stm32h7xx_hal_msp.o
 .debug_frame   0x00000348      0x104 ./Core/Src/stm32h7xx_it.o
 .debug_frame   0x0000044c       0x58 ./Core/Src/system_stm32h7xx.o
 .debug_frame   0x000004a4      0x690 ./Drivers/STM32H7xx_HAL_Driver/Src/stm32h7xx_hal.o
 .debug_frame   0x00000b34      0xa28 ./Drivers/STM32H7xx_HAL_Driver/Src/stm32h7xx_hal_adc.o
 .debug_frame   0x0000155c      0x88c ./Drivers/STM32H7xx_HAL_Driver/Src/stm32h7xx_hal_adc_ex.o
 .debug_frame   0x00001de8      0x508 ./Drivers/STM32H7xx_HAL_Driver/Src/stm32h7xx_hal_cortex.o
 .debug_frame   0x000022f0      0x14c ./Drivers/STM32H7xx_HAL_Driver/Src/stm32h7xx_hal_gpio.o
 .debug_frame   0x0000243c      0xc40 ./Drivers/STM32H7xx_HAL_Driver/Src/stm32h7xx_hal_i2c.o
 .debug_frame   0x0000307c      0x100 ./Drivers/STM32H7xx_HAL_Driver/Src/stm32h7xx_hal_i2c_ex.o
 .debug_frame   0x0000317c      0x580 ./Drivers/STM32H7xx_HAL_Driver/Src/stm32h7xx_hal_pwr_ex.o
 .debug_frame   0x000036fc      0x1f8 ./Drivers/STM32H7xx_HAL_Driver/Src/stm32h7xx_hal_rcc.o
 .debug_frame   0x000038f4      0x414 ./Drivers/STM32H7xx_HAL_Driver/Src/stm32h7xx_hal_rcc_ex.o
 .debug_frame   0x00003d08       0x20 C:/ST/STM32CubeIDE_1.16.0/STM32CubeIDE/plugins/com.st.stm32cube.ide.mcu.externaltools.gnu-tools-for-stm32.12.3.rel1.win32_1.0.200.202406191623/tools/bin/../lib/gcc/arm-none-eabi/12.3.1/../../../../arm-none-eabi/lib/thumb/v7e-m+dp/hard\libc_nano.a(libc_a-memset.o)
 .debug_frame   0x00003d28       0x2c C:/ST/STM32CubeIDE_1.16.0/STM32CubeIDE/plugins/com.st.stm32cube.ide.mcu.externaltools.gnu-tools-for-stm32.12.3.rel1.win32_1.0.200.202406191623/tools/bin/../lib/gcc/arm-none-eabi/12.3.1/../../../../arm-none-eabi/lib/thumb/v7e-m+dp/hard\libc_nano.a(libc_a-init.o)

.debug_line_str
                0x00000000       0x6d
 .debug_line_str
                0x00000000       0x6d ./Core/Startup/startup_stm32h743zitx.o
